// Jest Snapshot v1, https://goo.gl/fbAQLP

exports[`Dashboard Component renders all tabs correctly 1`] = `
Object {
  "asFragment": [Function],
  "baseElement": <body>
    <div>
      <div>
        <div
          class="MuiContainer-root MuiContainer-maxWidthXl css-19r6kue-MuiContainer-root"
        >
          <div
            class="MuiBox-root css-8atqhb"
          >
            <div
              class="MuiBox-root css-1gsv261"
            >
              <div
                class="MuiTabs-root css-1ujnqem-MuiTabs-root"
              >
                <div
                  class="MuiTabs-scroller MuiTabs-fixed css-jpln7h-MuiTabs-scroller"
                  style="overflow: hidden; margin-bottom: 0px;"
                >
                  <div
                    class="MuiTabs-flexContainer css-heg063-MuiTabs-flexContainer"
                    role="tablist"
                  >
                    <button
                      aria-selected="true"
                      class="MuiButtonBase-root MuiTab-root MuiTab-textColorPrimary Mui-selected css-1h9z7r5-MuiButtonBase-root-MuiTab-root"
                      role="tab"
                      tabindex="0"
                      type="button"
                    >
                      New Question
                      <span
                        class="MuiTouchRipple-root css-8je8zh-MuiTouchRipple-root"
                      />
                    </button>
                    <button
                      aria-selected="false"
                      class="MuiButtonBase-root MuiTab-root MuiTab-textColorPrimary css-1h9z7r5-MuiButtonBase-root-MuiTab-root"
                      role="tab"
                      tabindex="-1"
                      type="button"
                    >
                      Done
                      <span
                        class="MuiTouchRipple-root css-8je8zh-MuiTouchRipple-root"
                      />
                    </button>
                  </div>
                  <span
                    class="MuiTabs-indicator css-1aquho2-MuiTabs-indicator"
                    style="left: 0px; width: 0px;"
                  />
                </div>
              </div>
            </div>
            <div>
              <div
                class="MuiContainer-root MuiContainer-maxWidthLg css-1oqqzyl-MuiContainer-root"
              >
                <h3
                  class="MuiTypography-root MuiTypography-h3 css-1uku6ty-MuiTypography-root"
                >
                  New Questions
                </h3>
                <div
                  class="MuiBox-root css-qgh0pp"
                >
                  <div
                    class="MuiPaper-root MuiPaper-elevation MuiPaper-rounded MuiPaper-elevation5 css-qh7kl5-MuiPaper-root"
                  >
                    <div
                      class="MuiBox-root css-12dv9jb"
                    >
                      <div
                        class="MuiPaper-root MuiPaper-outlined MuiPaper-rounded MuiCard-root css-1v5z4dq-MuiPaper-root-MuiCard-root"
                      >
                        <div
                          class="MuiCardContent-root css-o8l425-MuiCardContent-root"
                        >
                          <h5
                            class="MuiTypography-root MuiTypography-h5 css-1jcm1rz-MuiTypography-root"
                          >
                            mtsamis
                          </h5>
                          <p
                            class="MuiTypography-root MuiTypography-body1 css-9eg9l8-MuiTypography-root"
                          >
                            02:16 | 01-05-2017
                          </p>
                        </div>
                        <div
                          class="MuiCardActions-root MuiCardActions-spacing css-t2o2tm-MuiCardActions-root"
                        >
                          <button
                            class="MuiButtonBase-root MuiButton-root MuiButton-outlined MuiButton-outlinedSuccess MuiButton-sizeLarge MuiButton-outlinedSizeLarge MuiButton-colorSuccess MuiButton-root MuiButton-outlined MuiButton-outlinedSuccess MuiButton-sizeLarge MuiButton-outlinedSizeLarge MuiButton-colorSuccess css-12wndg-MuiButtonBase-root-MuiButton-root"
                            tabindex="0"
                            type="button"
                          >
                            Show
                            <span
                              class="MuiTouchRipple-root css-8je8zh-MuiTouchRipple-root"
                            />
                          </button>
                        </div>
                      </div>
                    </div>
                  </div>
                  <div
                    class="MuiPaper-root MuiPaper-elevation MuiPaper-rounded MuiPaper-elevation5 css-qh7kl5-MuiPaper-root"
                  >
                    <div
                      class="MuiBox-root css-12dv9jb"
                    >
                      <div
                        class="MuiPaper-root MuiPaper-outlined MuiPaper-rounded MuiCard-root css-1v5z4dq-MuiPaper-root-MuiCard-root"
                      >
                        <div
                          class="MuiCardContent-root css-o8l425-MuiCardContent-root"
                        >
                          <h5
                            class="MuiTypography-root MuiTypography-h5 css-1jcm1rz-MuiTypography-root"
                          >
                            tylermcginnis
                          </h5>
                          <p
                            class="MuiTypography-root MuiTypography-body1 css-9eg9l8-MuiTypography-root"
                          >
                            19:09 | 15-03-2017
                          </p>
                        </div>
                        <div
                          class="MuiCardActions-root MuiCardActions-spacing css-t2o2tm-MuiCardActions-root"
                        >
                          <button
                            class="MuiButtonBase-root MuiButton-root MuiButton-outlined MuiButton-outlinedSuccess MuiButton-sizeLarge MuiButton-outlinedSizeLarge MuiButton-colorSuccess MuiButton-root MuiButton-outlined MuiButton-outlinedSuccess MuiButton-sizeLarge MuiButton-outlinedSizeLarge MuiButton-colorSuccess css-12wndg-MuiButtonBase-root-MuiButton-root"
                            tabindex="0"
                            type="button"
                          >
                            Show
                            <span
                              class="MuiTouchRipple-root css-8je8zh-MuiTouchRipple-root"
                            />
                          </button>
                        </div>
                      </div>
                    </div>
                  </div>
                </div>
              </div>
            </div>
          </div>
        </div>
      </div>
    </div>
  </body>,
  "container": <div>
    <div>
      <div
        class="MuiContainer-root MuiContainer-maxWidthXl css-19r6kue-MuiContainer-root"
      >
        <div
          class="MuiBox-root css-8atqhb"
        >
          <div
            class="MuiBox-root css-1gsv261"
          >
            <div
              class="MuiTabs-root css-1ujnqem-MuiTabs-root"
            >
              <div
                class="MuiTabs-scroller MuiTabs-fixed css-jpln7h-MuiTabs-scroller"
                style="overflow: hidden; margin-bottom: 0px;"
              >
                <div
                  class="MuiTabs-flexContainer css-heg063-MuiTabs-flexContainer"
                  role="tablist"
                >
                  <button
                    aria-selected="true"
                    class="MuiButtonBase-root MuiTab-root MuiTab-textColorPrimary Mui-selected css-1h9z7r5-MuiButtonBase-root-MuiTab-root"
                    role="tab"
                    tabindex="0"
                    type="button"
                  >
                    New Question
                    <span
                      class="MuiTouchRipple-root css-8je8zh-MuiTouchRipple-root"
                    />
                  </button>
                  <button
                    aria-selected="false"
                    class="MuiButtonBase-root MuiTab-root MuiTab-textColorPrimary css-1h9z7r5-MuiButtonBase-root-MuiTab-root"
                    role="tab"
                    tabindex="-1"
                    type="button"
                  >
                    Done
                    <span
                      class="MuiTouchRipple-root css-8je8zh-MuiTouchRipple-root"
                    />
                  </button>
                </div>
                <span
                  class="MuiTabs-indicator css-1aquho2-MuiTabs-indicator"
                  style="left: 0px; width: 0px;"
                />
              </div>
            </div>
          </div>
          <div>
            <div
              class="MuiContainer-root MuiContainer-maxWidthLg css-1oqqzyl-MuiContainer-root"
            >
              <h3
                class="MuiTypography-root MuiTypography-h3 css-1uku6ty-MuiTypography-root"
              >
                New Questions
              </h3>
              <div
                class="MuiBox-root css-qgh0pp"
              >
                <div
                  class="MuiPaper-root MuiPaper-elevation MuiPaper-rounded MuiPaper-elevation5 css-qh7kl5-MuiPaper-root"
                >
                  <div
                    class="MuiBox-root css-12dv9jb"
                  >
                    <div
                      class="MuiPaper-root MuiPaper-outlined MuiPaper-rounded MuiCard-root css-1v5z4dq-MuiPaper-root-MuiCard-root"
                    >
                      <div
                        class="MuiCardContent-root css-o8l425-MuiCardContent-root"
                      >
                        <h5
                          class="MuiTypography-root MuiTypography-h5 css-1jcm1rz-MuiTypography-root"
                        >
                          mtsamis
                        </h5>
                        <p
                          class="MuiTypography-root MuiTypography-body1 css-9eg9l8-MuiTypography-root"
                        >
                          02:16 | 01-05-2017
                        </p>
                      </div>
                      <div
                        class="MuiCardActions-root MuiCardActions-spacing css-t2o2tm-MuiCardActions-root"
                      >
                        <button
                          class="MuiButtonBase-root MuiButton-root MuiButton-outlined MuiButton-outlinedSuccess MuiButton-sizeLarge MuiButton-outlinedSizeLarge MuiButton-colorSuccess MuiButton-root MuiButton-outlined MuiButton-outlinedSuccess MuiButton-sizeLarge MuiButton-outlinedSizeLarge MuiButton-colorSuccess css-12wndg-MuiButtonBase-root-MuiButton-root"
                          tabindex="0"
                          type="button"
                        >
                          Show
                          <span
                            class="MuiTouchRipple-root css-8je8zh-MuiTouchRipple-root"
                          />
                        </button>
                      </div>
                    </div>
                  </div>
                </div>
                <div
                  class="MuiPaper-root MuiPaper-elevation MuiPaper-rounded MuiPaper-elevation5 css-qh7kl5-MuiPaper-root"
                >
                  <div
                    class="MuiBox-root css-12dv9jb"
                  >
                    <div
                      class="MuiPaper-root MuiPaper-outlined MuiPaper-rounded MuiCard-root css-1v5z4dq-MuiPaper-root-MuiCard-root"
                    >
                      <div
                        class="MuiCardContent-root css-o8l425-MuiCardContent-root"
                      >
                        <h5
                          class="MuiTypography-root MuiTypography-h5 css-1jcm1rz-MuiTypography-root"
                        >
                          tylermcginnis
                        </h5>
                        <p
                          class="MuiTypography-root MuiTypography-body1 css-9eg9l8-MuiTypography-root"
                        >
                          19:09 | 15-03-2017
                        </p>
                      </div>
                      <div
                        class="MuiCardActions-root MuiCardActions-spacing css-t2o2tm-MuiCardActions-root"
                      >
                        <button
                          class="MuiButtonBase-root MuiButton-root MuiButton-outlined MuiButton-outlinedSuccess MuiButton-sizeLarge MuiButton-outlinedSizeLarge MuiButton-colorSuccess MuiButton-root MuiButton-outlined MuiButton-outlinedSuccess MuiButton-sizeLarge MuiButton-outlinedSizeLarge MuiButton-colorSuccess css-12wndg-MuiButtonBase-root-MuiButton-root"
                          tabindex="0"
                          type="button"
                        >
                          Show
                          <span
                            class="MuiTouchRipple-root css-8je8zh-MuiTouchRipple-root"
                          />
                        </button>
                      </div>
                    </div>
                  </div>
                </div>
              </div>
            </div>
          </div>
        </div>
      </div>
    </div>
  </div>,
  "debug": [Function],
  "findAllByAltText": [Function],
  "findAllByDisplayValue": [Function],
  "findAllByLabelText": [Function],
  "findAllByPlaceholderText": [Function],
  "findAllByRole": [Function],
  "findAllByTestId": [Function],
  "findAllByText": [Function],
  "findAllByTitle": [Function],
  "findByAltText": [Function],
  "findByDisplayValue": [Function],
  "findByLabelText": [Function],
  "findByPlaceholderText": [Function],
  "findByRole": [Function],
  "findByTestId": [Function],
  "findByText": [Function],
  "findByTitle": [Function],
  "getAllByAltText": [Function],
  "getAllByDisplayValue": [Function],
  "getAllByLabelText": [Function],
  "getAllByPlaceholderText": [Function],
  "getAllByRole": [Function],
  "getAllByTestId": [Function],
  "getAllByText": [Function],
  "getAllByTitle": [Function],
  "getByAltText": [Function],
  "getByDisplayValue": [Function],
  "getByLabelText": [Function],
  "getByPlaceholderText": [Function],
  "getByRole": [Function],
  "getByTestId": [Function],
  "getByText": [Function],
  "getByTitle": [Function],
  "queryAllByAltText": [Function],
  "queryAllByDisplayValue": [Function],
  "queryAllByLabelText": [Function],
  "queryAllByPlaceholderText": [Function],
  "queryAllByRole": [Function],
  "queryAllByTestId": [Function],
  "queryAllByText": [Function],
  "queryAllByTitle": [Function],
  "queryByAltText": [Function],
  "queryByDisplayValue": [Function],
  "queryByLabelText": [Function],
  "queryByPlaceholderText": [Function],
  "queryByRole": [Function],
  "queryByTestId": [Function],
  "queryByText": [Function],
  "queryByTitle": [Function],
  "rerender": [Function],
  "unmount": [Function],
}
`;
