// Jest Snapshot v1, https://goo.gl/fbAQLP

exports[`Login Component render the login component correctly 1`] = `
Object {
  "asFragment": [Function],
  "baseElement": <body>
    <div>
      <main
        class="MuiGrid-root MuiGrid-container css-1jrn2fe-MuiGrid-root"
      >
        <div
          class="MuiBox-root css-vnisl2"
        >
          <h1
            class="MuiTypography-root MuiTypography-h5 css-ag7rrr-MuiTypography-root"
          >
            Sign in
          </h1>
          <form
            class="MuiBox-root css-164r41r"
          >
            <div
              class="MuiFormControl-root MuiFormControl-marginNormal MuiFormControl-fullWidth MuiTextField-root css-17vbkzs-MuiFormControl-root-MuiTextField-root"
              data-testid="username"
            >
              <label
                class="MuiFormLabel-root MuiInputLabel-root MuiInputLabel-formControl MuiInputLabel-animated MuiInputLabel-shrink MuiInputLabel-sizeMedium MuiInputLabel-outlined MuiFormLabel-colorPrimary Mui-focused Mui-required MuiInputLabel-root MuiInputLabel-formControl MuiInputLabel-animated MuiInputLabel-shrink MuiInputLabel-sizeMedium MuiInputLabel-outlined css-1jy569b-MuiFormLabel-root-MuiInputLabel-root"
                data-shrink="true"
                for="username"
                id="username-label"
              >
                Username
                <span
                  aria-hidden="true"
                  class="MuiFormLabel-asterisk MuiInputLabel-asterisk css-wgai2y-MuiFormLabel-asterisk"
                >
                   
                  *
                </span>
              </label>
              <div
                class="MuiInputBase-root MuiOutlinedInput-root MuiInputBase-colorPrimary MuiInputBase-fullWidth Mui-focused MuiInputBase-formControl css-md26zr-MuiInputBase-root-MuiOutlinedInput-root"
              >
                <input
                  aria-invalid="false"
                  class="MuiInputBase-input MuiOutlinedInput-input css-1t8l2tu-MuiInputBase-input-MuiOutlinedInput-input"
                  id="username"
                  name="username"
                  required=""
                  type="text"
                  value=""
                />
                <fieldset
                  aria-hidden="true"
                  class="MuiOutlinedInput-notchedOutline css-1d3z3hw-MuiOutlinedInput-notchedOutline"
                >
                  <legend
                    class="css-14lo706"
                  >
                    <span>
                      Username
                       
                      *
                    </span>
                  </legend>
                </fieldset>
              </div>
            </div>
            <div
              class="MuiFormControl-root MuiFormControl-marginNormal MuiFormControl-fullWidth MuiTextField-root css-17vbkzs-MuiFormControl-root-MuiTextField-root"
              data-testid="password"
            >
              <label
                class="MuiFormLabel-root MuiInputLabel-root MuiInputLabel-formControl MuiInputLabel-animated MuiInputLabel-sizeMedium MuiInputLabel-outlined MuiFormLabel-colorPrimary Mui-required MuiInputLabel-root MuiInputLabel-formControl MuiInputLabel-animated MuiInputLabel-sizeMedium MuiInputLabel-outlined css-14s5rfu-MuiFormLabel-root-MuiInputLabel-root"
                data-shrink="false"
                for=":r1:"
                id=":r1:-label"
              >
                Password
                <span
                  aria-hidden="true"
                  class="MuiFormLabel-asterisk MuiInputLabel-asterisk css-wgai2y-MuiFormLabel-asterisk"
                >
                   
                  *
                </span>
              </label>
              <div
                class="MuiInputBase-root MuiOutlinedInput-root MuiInputBase-colorPrimary MuiInputBase-fullWidth MuiInputBase-formControl css-md26zr-MuiInputBase-root-MuiOutlinedInput-root"
              >
                <input
                  aria-invalid="false"
                  class="MuiInputBase-input MuiOutlinedInput-input css-1t8l2tu-MuiInputBase-input-MuiOutlinedInput-input"
                  id=":r1:"
                  name="password"
                  required=""
                  type="password"
                  value=""
                />
                <fieldset
                  aria-hidden="true"
                  class="MuiOutlinedInput-notchedOutline css-1d3z3hw-MuiOutlinedInput-notchedOutline"
                >
                  <legend
                    class="css-yjsfm1"
                  >
                    <span>
                      Password
                       
                      *
                    </span>
                  </legend>
                </fieldset>
              </div>
            </div>
            <button
              class="MuiButtonBase-root MuiButton-root MuiLoadingButton-root MuiButton-contained MuiButton-containedPrimary MuiButton-sizeMedium MuiButton-containedSizeMedium MuiButton-colorPrimary MuiButton-fullWidth MuiButton-root MuiLoadingButton-root MuiButton-contained MuiButton-containedPrimary MuiButton-sizeMedium MuiButton-containedSizeMedium MuiButton-colorPrimary MuiButton-fullWidth css-1qudo6r-MuiButtonBase-root-MuiButton-root-MuiLoadingButton-root"
              data-testid="submit-btn"
              id=":r2:"
              tabindex="0"
              type="submit"
            >
              <span
                class="MuiButton-icon MuiButton-startIcon MuiButton-iconSizeMedium css-1d6wzja-MuiButton-startIcon"
              >
                <svg
                  aria-hidden="true"
                  class="MuiSvgIcon-root MuiSvgIcon-fontSizeMedium css-i4bv87-MuiSvgIcon-root"
                  data-testid="LoginIcon"
                  focusable="false"
                  viewBox="0 0 24 24"
                >
                  <path
                    d="M11 7 9.6 8.4l2.6 2.6H2v2h10.2l-2.6 2.6L11 17l5-5zm9 12h-8v2h8c1.1 0 2-.9 2-2V5c0-1.1-.9-2-2-2h-8v2h8z"
                  />
                </svg>
              </span>
              Sign In
              <span
                class="MuiTouchRipple-root css-8je8zh-MuiTouchRipple-root"
              />
            </button>
          </form>
        </div>
      </main>
    </div>
  </body>,
  "container": <div>
    <main
      class="MuiGrid-root MuiGrid-container css-1jrn2fe-MuiGrid-root"
    >
      <div
        class="MuiBox-root css-vnisl2"
      >
        <h1
          class="MuiTypography-root MuiTypography-h5 css-ag7rrr-MuiTypography-root"
        >
          Sign in
        </h1>
        <form
          class="MuiBox-root css-164r41r"
        >
          <div
            class="MuiFormControl-root MuiFormControl-marginNormal MuiFormControl-fullWidth MuiTextField-root css-17vbkzs-MuiFormControl-root-MuiTextField-root"
            data-testid="username"
          >
            <label
              class="MuiFormLabel-root MuiInputLabel-root MuiInputLabel-formControl MuiInputLabel-animated MuiInputLabel-shrink MuiInputLabel-sizeMedium MuiInputLabel-outlined MuiFormLabel-colorPrimary Mui-focused Mui-required MuiInputLabel-root MuiInputLabel-formControl MuiInputLabel-animated MuiInputLabel-shrink MuiInputLabel-sizeMedium MuiInputLabel-outlined css-1jy569b-MuiFormLabel-root-MuiInputLabel-root"
              data-shrink="true"
              for="username"
              id="username-label"
            >
              Username
              <span
                aria-hidden="true"
                class="MuiFormLabel-asterisk MuiInputLabel-asterisk css-wgai2y-MuiFormLabel-asterisk"
              >
                 
                *
              </span>
            </label>
            <div
              class="MuiInputBase-root MuiOutlinedInput-root MuiInputBase-colorPrimary MuiInputBase-fullWidth Mui-focused MuiInputBase-formControl css-md26zr-MuiInputBase-root-MuiOutlinedInput-root"
            >
              <input
                aria-invalid="false"
                class="MuiInputBase-input MuiOutlinedInput-input css-1t8l2tu-MuiInputBase-input-MuiOutlinedInput-input"
                id="username"
                name="username"
                required=""
                type="text"
                value=""
              />
              <fieldset
                aria-hidden="true"
                class="MuiOutlinedInput-notchedOutline css-1d3z3hw-MuiOutlinedInput-notchedOutline"
              >
                <legend
                  class="css-14lo706"
                >
                  <span>
                    Username
                     
                    *
                  </span>
                </legend>
              </fieldset>
            </div>
          </div>
          <div
            class="MuiFormControl-root MuiFormControl-marginNormal MuiFormControl-fullWidth MuiTextField-root css-17vbkzs-MuiFormControl-root-MuiTextField-root"
            data-testid="password"
          >
            <label
              class="MuiFormLabel-root MuiInputLabel-root MuiInputLabel-formControl MuiInputLabel-animated MuiInputLabel-sizeMedium MuiInputLabel-outlined MuiFormLabel-colorPrimary Mui-required MuiInputLabel-root MuiInputLabel-formControl MuiInputLabel-animated MuiInputLabel-sizeMedium MuiInputLabel-outlined css-14s5rfu-MuiFormLabel-root-MuiInputLabel-root"
              data-shrink="false"
              for=":r1:"
              id=":r1:-label"
            >
              Password
              <span
                aria-hidden="true"
                class="MuiFormLabel-asterisk MuiInputLabel-asterisk css-wgai2y-MuiFormLabel-asterisk"
              >
                 
                *
              </span>
            </label>
            <div
              class="MuiInputBase-root MuiOutlinedInput-root MuiInputBase-colorPrimary MuiInputBase-fullWidth MuiInputBase-formControl css-md26zr-MuiInputBase-root-MuiOutlinedInput-root"
            >
              <input
                aria-invalid="false"
                class="MuiInputBase-input MuiOutlinedInput-input css-1t8l2tu-MuiInputBase-input-MuiOutlinedInput-input"
                id=":r1:"
                name="password"
                required=""
                type="password"
                value=""
              />
              <fieldset
                aria-hidden="true"
                class="MuiOutlinedInput-notchedOutline css-1d3z3hw-MuiOutlinedInput-notchedOutline"
              >
                <legend
                  class="css-yjsfm1"
                >
                  <span>
                    Password
                     
                    *
                  </span>
                </legend>
              </fieldset>
            </div>
          </div>
          <button
            class="MuiButtonBase-root MuiButton-root MuiLoadingButton-root MuiButton-contained MuiButton-containedPrimary MuiButton-sizeMedium MuiButton-containedSizeMedium MuiButton-colorPrimary MuiButton-fullWidth MuiButton-root MuiLoadingButton-root MuiButton-contained MuiButton-containedPrimary MuiButton-sizeMedium MuiButton-containedSizeMedium MuiButton-colorPrimary MuiButton-fullWidth css-1qudo6r-MuiButtonBase-root-MuiButton-root-MuiLoadingButton-root"
            data-testid="submit-btn"
            id=":r2:"
            tabindex="0"
            type="submit"
          >
            <span
              class="MuiButton-icon MuiButton-startIcon MuiButton-iconSizeMedium css-1d6wzja-MuiButton-startIcon"
            >
              <svg
                aria-hidden="true"
                class="MuiSvgIcon-root MuiSvgIcon-fontSizeMedium css-i4bv87-MuiSvgIcon-root"
                data-testid="LoginIcon"
                focusable="false"
                viewBox="0 0 24 24"
              >
                <path
                  d="M11 7 9.6 8.4l2.6 2.6H2v2h10.2l-2.6 2.6L11 17l5-5zm9 12h-8v2h8c1.1 0 2-.9 2-2V5c0-1.1-.9-2-2-2h-8v2h8z"
                />
              </svg>
            </span>
            Sign In
            <span
              class="MuiTouchRipple-root css-8je8zh-MuiTouchRipple-root"
            />
          </button>
        </form>
      </div>
    </main>
  </div>,
  "debug": [Function],
  "findAllByAltText": [Function],
  "findAllByDisplayValue": [Function],
  "findAllByLabelText": [Function],
  "findAllByPlaceholderText": [Function],
  "findAllByRole": [Function],
  "findAllByTestId": [Function],
  "findAllByText": [Function],
  "findAllByTitle": [Function],
  "findByAltText": [Function],
  "findByDisplayValue": [Function],
  "findByLabelText": [Function],
  "findByPlaceholderText": [Function],
  "findByRole": [Function],
  "findByTestId": [Function],
  "findByText": [Function],
  "findByTitle": [Function],
  "getAllByAltText": [Function],
  "getAllByDisplayValue": [Function],
  "getAllByLabelText": [Function],
  "getAllByPlaceholderText": [Function],
  "getAllByRole": [Function],
  "getAllByTestId": [Function],
  "getAllByText": [Function],
  "getAllByTitle": [Function],
  "getByAltText": [Function],
  "getByDisplayValue": [Function],
  "getByLabelText": [Function],
  "getByPlaceholderText": [Function],
  "getByRole": [Function],
  "getByTestId": [Function],
  "getByText": [Function],
  "getByTitle": [Function],
  "queryAllByAltText": [Function],
  "queryAllByDisplayValue": [Function],
  "queryAllByLabelText": [Function],
  "queryAllByPlaceholderText": [Function],
  "queryAllByRole": [Function],
  "queryAllByTestId": [Function],
  "queryAllByText": [Function],
  "queryAllByTitle": [Function],
  "queryByAltText": [Function],
  "queryByDisplayValue": [Function],
  "queryByLabelText": [Function],
  "queryByPlaceholderText": [Function],
  "queryByRole": [Function],
  "queryByTestId": [Function],
  "queryByText": [Function],
  "queryByTitle": [Function],
  "rerender": [Function],
  "unmount": [Function],
}
`;
